// Jest Snapshot v1, https://goo.gl/fbAQLP

exports[`it renders correctly 1`] = `
<div>
  <div
    class="lbh-link-box"
  >
    <div
      class="lbh-link-overlay"
    >
      <a
        class="govuk-link lbh-link"
        href="https://localhost"
      >
        Link
      </a>
    </div>
  </div>
</div>
`;
